2026-09-08 02:24:31,792 DEBUG ESP32 << OK:F
2026-09-08 02:24:31,793 INFO GCODE >> M155 S0
2026-09-08 02:24:31,796 DEBUG MARLIN << ok
2026-09-08 02:24:31,796 INFO GCODE >> G90
2026-09-08 02:24:31,799 DEBUG MARLIN << ok
2026-09-08 02:24:31,799 INFO GCODE >> M17
2026-09-08 02:24:31,801 DEBUG MARLIN << ok
2026-09-08 02:24:31,802 INFO Serial ports open: printer=COM8 esp32=COM7 baud=115200
2026-09-08 02:24:49,300 INFO Homing lateral axes only (G28 X Y) — no Z probe (CR-Touch removed)
2026-09-08 02:24:49,300 INFO GCODE >> G28 X Y
2026-09-08 02:24:51,305 DEBUG MARLIN << echo:busy: processing
2026-09-08 02:24:53,305 DEBUG MARLIN << echo:busy: processing
2026-09-08 02:24:55,305 DEBUG MARLIN << echo:busy: processing
2026-09-08 02:24:57,305 DEBUG MARLIN << echo:busy: processing
2026-09-08 02:24:59,305 DEBUG MARLIN << echo:busy: processing
2026-09-08 02:25:00,046 DEBUG MARLIN << X:-7.50 Y:-9.00 Z:5.03 E:0.00 Count X:-600 Y:-720 Z:2000
2026-09-08 02:25:00,046 DEBUG MARLIN << ok
2026-09-08 02:25:00,046 INFO GCODE >> G90
2026-09-08 02:25:00,048 DEBUG MARLIN << ok
2026-09-08 02:25:00,049 INFO GCODE >> M400
2026-09-08 02:25:00,051 DEBUG MARLIN << ok
2026-09-08 02:25:00,261 INFO GCODE >> M114
2026-09-08 02:25:00,269 DEBUG MARLIN << X:-7.50 Y:-9.00 Z:5.03 E:0.00 Count X:-600 Y:-720 Z:2000
2026-09-08 02:25:00,270 DEBUG MARLIN << ok
2026-09-08 02:25:00,270 ERROR EMERGENCY SHUTDOWN: target out of limits: X-7.500 Y-9.000 Z40.000 (allowed X0.0-220.0 Y0.0-220.0 Z0.0-400.0)
2026-09-08 02:25:00,273 DEBUG ESP32 << OK:F
2026-09-08 02:25:00,373 INFO GCODE >> G90
2026-09-08 02:25:00,374 INFO GCODE >> G90
2026-09-08 02:25:01,275 DEBUG MARLIN << ok
2026-09-08 02:25:01,280 DEBUG ESP32 << OK:F
2026-09-08 02:25:01,282 DEBUG ESP32 << OK:F
2026-09-08 02:25:01,285 DEBUG ESP32 << OK:F
2026-09-08 02:25:01,296 INFO Serial ports closed. Data directory: C:\Users\aaaa\diy-laser-3d-scanner\scan_20260908_022427
