2026-09-08 01:50:18,467 DEBUG ESP32 << OK:F
2026-09-08 01:50:18,467 INFO GCODE >> M155 S0
2026-09-08 01:50:18,471 DEBUG MARLIN << ok
2026-09-08 01:50:18,471 INFO GCODE >> G90
2026-09-08 01:50:18,473 DEBUG MARLIN << ok
2026-09-08 01:50:18,474 INFO GCODE >> M17
2026-09-08 01:50:18,476 DEBUG MARLIN << ok
2026-09-08 01:50:18,476 INFO Serial ports open: printer=COM8 esp32=COM7 baud=115200
2026-09-08 01:50:48,552 INFO Sending M999 to clear any pending halts
2026-09-08 01:50:48,552 INFO GCODE >> M999
2026-09-08 01:50:49,053 INFO Resetting CR-Touch / BLTouch alarm & pin
2026-09-08 01:50:49,053 INFO GCODE >> M280 P0 S160
2026-09-08 01:50:49,254 INFO GCODE >> M280 P0 S90
2026-09-08 01:50:49,455 INFO Homing with G28 — confirm the optical jig cannot collide
2026-09-08 01:50:49,456 INFO GCODE >> G28
2026-09-08 01:50:49,457 DEBUG MARLIN << Resend: 1
2026-09-08 01:50:49,457 DEBUG MARLIN << ok
2026-09-08 01:50:49,457 INFO GCODE >> G90
2026-09-08 01:50:49,458 DEBUG MARLIN << ok
2026-09-08 01:50:49,458 INFO GCODE >> M400
2026-09-08 01:50:49,458 DEBUG MARLIN << ok
2026-09-08 01:50:49,659 INFO GCODE >> M114
2026-09-08 01:50:52,203 DEBUG MARLIN << echo:busy: processing
2026-09-08 01:50:54,203 DEBUG MARLIN << echo:busy: processing
2026-09-08 01:50:56,203 DEBUG MARLIN << echo:busy: processing
2026-09-08 01:50:58,203 DEBUG MARLIN << echo:busy: processing
2026-09-08 01:51:00,203 DEBUG MARLIN << echo:busy: processing
2026-09-08 01:51:02,203 DEBUG MARLIN << echo:busy: processing
2026-09-08 01:51:03,033 ERROR EMERGENCY SHUTDOWN: could not parse M114 position
2026-09-08 01:51:03,036 DEBUG ESP32 << OK:F
2026-09-08 01:51:03,137 INFO GCODE >> G90
2026-09-08 01:51:03,138 INFO GCODE >> G90
2026-09-08 01:51:04,203 DEBUG MARLIN << echo:busy: processing
2026-09-08 01:51:06,203 DEBUG MARLIN << echo:busy: processing
2026-09-08 01:51:08,203 DEBUG MARLIN << echo:busy: processing
2026-09-08 01:51:13,887 DEBUG MARLIN << Error:!! STOP called because of BLTouch error - restart with M999
2026-09-08 01:51:13,887 ERROR G90 restore failed: Marlin error (G90): Error:!! STOP called because of BLTouch error - restart with M999
2026-09-08 01:51:13,892 DEBUG ESP32 << OK:F
2026-09-08 01:51:13,894 DEBUG ESP32 << OK:F
2026-09-08 01:51:13,897 DEBUG ESP32 << OK:F
2026-09-08 01:51:13,908 INFO Serial ports closed. Data directory: C:\Users\aaaa\diy-laser-3d-scanner\scan_20260908_015014
